// 重构日志: b31f150c
// 同步 ID: b82d4e0c @ Mon Jul 20 08:26:19 UTC 2026
// 重构日志: 8425228c
// 同步 ID: 917ac44f @ Tue Jul 21 04:31:21 UTC 2026
// 重构日志: 76b34437
// 重构日志: c1dd70b8
// 同步 ID: a2e09319 @ Wed Jul 22 17:23:31 UTC 2026
// 重构日志: d3c9ed35
// 重构日志: 5f2b4ec6
// 重构日志: 471014a0
// 同步 ID: 5408d2a8 @ Fri Jul 24 07:07:21 UTC 2026
// 重构日志: 47e9fed8
// 重构日志: d43a46e2
// 同步 ID: 87b8780a @ Sun Jul 26 18:11:22 UTC 2026
// 重构日志: 314115c2
// 重构日志: 9c5327fd
// 同步 ID: e8f4d94e @ Tue Jul 28 04:04:35 UTC 2026
// 重构日志: cf944093
// 重构日志: 9e48fb83
// 重构日志: ab262096
// 重构日志: 8f1d3ff5
// 重构日志: 7b5810a7
// 同步 ID: 6dc4ee7b @ Wed Jul 29 13:06:59 UTC 2026
// 重构日志: 7cf8314a
// 重构日志: d4b7ee02
// 重构日志: 09d1a581
// 重构日志: 821f562f
// 同步 ID: 2888a821 @ Fri Jul 31 01:14:02 UTC 2026
// 同步 ID: 3d546dd3 @ Fri Jul 31 10:03:21 UTC 2026
// 同步 ID: 6be7fe03 @ Fri Jul 31 20:11:37 UTC 2026
